============================================================
  Generated by:           Genus(TM) Synthesis Solution 23.14-s090_1
  Generated on:           Aug 28 2026  07:32:10 am
  Module:                 aer_top_v5_128
  Technology library:     slow_vdd1v0 1.0
  Operating conditions:   PVT_0P9V_125C (balanced_tree)
  Wireload mode:          enclosed
  Area mode:              timing library
============================================================

Top-level area
--------------
aer_top_v5_128  Cell-Count=552073  Cell-Area=1590675.448  Net-Area=0.000  Total-Area=1590675.448

Regional Timebase hierarchy entries observed in original area.rpt
-----------------------------------------------------------------
gen_regional_timebase[0].regional_timebase_i   Cell-Count=62  Cell-Area=159.372
gen_regional_timebase[1].regional_timebase_i   Cell-Count=72  Cell-Area=220.932
gen_regional_timebase[2].regional_timebase_i   Cell-Count=63  Cell-Area=196.308
gen_regional_timebase[3].regional_timebase_i   Cell-Count=64  Cell-Area=160.740
gen_regional_timebase[4].regional_timebase_i   Cell-Count=62  Cell-Area=142.956
gen_regional_timebase[5].regional_timebase_i   Cell-Count=64  Cell-Area=160.740
gen_regional_timebase[6].regional_timebase_i   Cell-Count=62  Cell-Area=142.956
gen_regional_timebase[7].regional_timebase_i   Cell-Count=72  Cell-Area=220.932
gen_regional_timebase[8].regional_timebase_i   Cell-Count=71  Cell-Area=186.048
gen_regional_timebase[9].regional_timebase_i   Cell-Count=72  Cell-Area=220.932
gen_regional_timebase[10].regional_timebase_i  Cell-Count=64  Cell-Area=160.740
gen_regional_timebase[11].regional_timebase_i  Cell-Count=72  Cell-Area=220.932
gen_regional_timebase[12].regional_timebase_i  Cell-Count=72  Cell-Area=220.932
gen_regional_timebase[13].regional_timebase_i  Cell-Count=64  Cell-Area=160.740
gen_regional_timebase[14].regional_timebase_i  Cell-Count=72  Cell-Area=220.932
gen_regional_timebase[15].regional_timebase_i  Cell-Count=72  Cell-Area=188.100

Source full report SHA-256: cba2e30f75a2cebe3cdf74633e15f977c1dda5cc7cdcd94b3ecff12dda0a6d63
