============================================================
  Generated by:           Genus(TM) Synthesis Solution 23.14-s090_1
  Generated on:           Aug 28 2026  07:32:23 am
  Module:                 aer_top_v5_128
  Operating conditions:   PVT_0P9V_125C (balanced_tree)
  Wireload mode:          enclosed
  Area mode:              timing library
============================================================

Timing
--------

Clock  Period 
--------------
clk   10000.0 


  Cost    Critical         Violating 
 Group   Path Slack  TNS     Paths   
-------------------------------------
clk           581.9   0.0          0 
default    No paths   0.0            
-------------------------------------
Total                 0.0          0 

Instance Count
--------------
Leaf Instance Count             552073 
Physical Instance count              0 
Sequential Instance Count       111609 
Combinational Instance Count    440464 
Hierarchical Instance Count        298 

Area
----
Cell Area                          1590675.448
Physical Cell Area                 0.000
Total Cell Area (Cell+Physical)    1590675.448
Net Area                           0.000
Total Area (Cell+Physical+Net)     1590675.448

Max Fanout                         111609 (clk)
Min Fanout                         1 (tile_in_valid[0])
Average Fanout                     3.1
Terms to net ratio                 4.0272
Terms to instance ratio            4.3018
Runtime                            10211.572452 seconds
Elapsed Runtime                    9207 seconds
Genus peak memory usage            8004.51 
Innovus peak memory usage          no_value 
Hostname                           snu.polaris02
