============================================================
  Generated by:           Genus(TM) Synthesis Solution 23.14-s090_1
  Generated on:           Aug 28 2026  07:32:23 am
  Module:                 aer_top_v5_128
  Operating conditions:   PVT_0P9V_125C (balanced_tree)
  Wireload mode:          enclosed
  Area mode:              timing library
============================================================

Path 1: MET (582 ps) Setup Check with Pin top_i/gen_bank[184].bank_packetizer_i/sparse_pixel_reg[0]/CK->D
          Group: clk
     Startpoint: (R) top_i/gen_bank[184].bank_packetizer_i/pending_reg[0]/CK
          Clock: (R) clk
       Endpoint: (R) top_i/gen_bank[184].bank_packetizer_i/sparse_pixel_reg[0]/D
          Clock: (R) clk

                     Capture       Launch
        Clock Edge:+   10000            0
       Src Latency:+       0            0
       Net Latency:+       0 (I)        0 (I)
           Arrival:=   10000            0

             Setup:-     143
       Uncertainty:-     200
     Required Time:=    9657
      Launch Clock:-       0
         Data Path:-    9075
             Slack:=     582

Interpretation
--------------
- 10 ns target에서 setup timing MET임.
- Worst data path는 9.075 ns임.
- Worst setup path는 pending_reg[0] -> sparse_pixel_reg[0]임.
- V4의 global timestamp distribution path는 이 최종 worst path에 나타나지 않음.

Source full report SHA-256: e6d22ac3f43c7f8e7236b94b812bfba7e4f807bfbbc4cc9c2eae9b0b265bd4d8
